// Jest Snapshot v1, https://goo.gl/fbAQLP

exports[`Test for City should render 1`] = `
Array [
  <input
    onChange={[Function]}
    placeholder="Search Cities in Nigeria"
    type="text"
  />,
  <div
    style={
      Object {
        "display": "grid",
        "gridTemplateColumns": "1fr 1fr",
        "marginTop": "20px",
        "padding": "0px 150px",
      }
    }
  />,
]
`;
